---
source: post-process/tests/hashtag.rs
expression: "PostParser::parse(Rule::post, &post).unwrap()"
input_file: post-process/tests/input/hashtag/full_post_1
---
[
    Pair {
        rule: text,
        span: Span {
            str: "why am i building a",
            start: 0,
            end: 19,
        },
        inner: [],
    },
    Pair {
        rule: hashtag,
        span: Span {
            str: " #lexer",
            start: 19,
            end: 26,
        },
        inner: [
            Pair {
                rule: component_prefix,
                span: Span {
                    str: " ",
                    start: 19,
                    end: 20,
                },
                inner: [],
            },
            Pair {
                rule: hashtag_content,
                span: Span {
                    str: "lexer",
                    start: 21,
                    end: 26,
                },
                inner: [],
            },
        ],
    },
    Pair {
        rule: text,
        span: Span {
            str: " for",
            start: 26,
            end: 30,
        },
        inner: [],
    },
    Pair {
        rule: hashtag,
        span: Span {
            str: " #posts",
            start: 30,
            end: 37,
        },
        inner: [
            Pair {
                rule: component_prefix,
                span: Span {
                    str: " ",
                    start: 30,
                    end: 31,
                },
                inner: [],
            },
            Pair {
                rule: hashtag_content,
                span: Span {
                    str: "posts",
                    start: 32,
                    end: 37,
                },
                inner: [],
            },
        ],
    },
    Pair {
        rule: text,
        span: Span {
            str: "?",
            start: 37,
            end: 38,
        },
        inner: [],
    },
    Pair {
        rule: hashtag,
        span: Span {
            str: " #龍が如く0",
            start: 38,
            end: 53,
        },
        inner: [
            Pair {
                rule: component_prefix,
                span: Span {
                    str: " ",
                    start: 38,
                    end: 39,
                },
                inner: [],
            },
            Pair {
                rule: hashtag_content,
                span: Span {
                    str: "龍が如く0",
                    start: 40,
                    end: 53,
                },
                inner: [],
            },
        ],
    },
]
