---
source: lib/post-process/tests/hashtag.rs
expression: parse_to_test_output(&post)
input_file: lib/post-process/tests/input/hashtag/full_post_1
---
[
    (
        Hashtag(
            "lexer",
        ),
        20..26,
        "#lexer",
    ),
    (
        Hashtag(
            "posts",
        ),
        31..37,
        "#posts",
    ),
    (
        Hashtag(
            "龍が如く0",
        ),
        39..53,
        "#龍が如く0",
    ),
]
