---
source: post-process/tests/transformation.rs
expression: transformer.transform(text).await.unwrap()
---
<a href="https://example.com/mention/真島/goro.org">@真島@goro.org</a> how are you doing? <a href="https://example.com/emote/friday-night">:friday-night:</a> <a href="https://example.com/hashtag/龍が如く0">#龍が如く0</a>
